// Jest Snapshot v1, https://goo.gl/fbAQLP

exports[`Nova L1_NovaExecutionManager exec should properly execute a request 1`] = `152637`;

exports[`Nova L1_NovaExecutionManager exec should properly execute a request that soft reverts 1`] = `167806`;

exports[`Nova L2_NovaRegistry requestExec should allow a valid request 1`] = `191111`;

exports[`Nova L2_NovaRegistry should allow connecting to an execution manager once 1`] = `43995`;
