// Jest Snapshot v1, https://goo.gl/fbAQLP

exports[`L1_NovaExecutionManager exec/execWithRecipient should not revert due to a soft revert 1`] = `45697`;

exports[`L1_NovaExecutionManager exec/execWithRecipient should properly execute a minimal exec 1`] = `44847`;

exports[`L1_NovaExecutionManager exec/execWithRecipient should properly execute a stateful exec 1`] = `49928`;

exports[`L1_NovaExecutionManager transferFromRelayer should transfer an arbitrary token to a strategy when requested 1`] = `93911`;

exports[`L1_NovaExecutionManager transferFromRelayer will properly handle a transferFrom with no return value 1`] = `58363`;
