// Jest Snapshot v1, https://goo.gl/fbAQLP

exports[`L1_NovaExecutionManager exec/execWithRecipient should not revert due to a soft revert 1`] = `45636`;

exports[`L1_NovaExecutionManager exec/execWithRecipient should properly execute a minimal exec 1`] = `44853`;

exports[`L1_NovaExecutionManager exec/execWithRecipient should properly execute a stateful exec 1`] = `49845`;

exports[`L1_NovaExecutionManager transferFromRelayer should transfer an arbitrary token to a strategy when requested 1`] = `78602`;

exports[`L1_NovaExecutionManager transferFromRelayer will not allow a random contract to call during execution 1`] = `56179`;

exports[`L1_NovaExecutionManager transferFromRelayer will properly handle a transferFrom with no return value 1`] = `56054`;
